[www.functionalfitness.co.in/index.html]
[backblue.gif]
[fade.gif]
[index.html]
[www.functionalfitness.co.in/favicon.html]
[www.functionalfitness.co.in/css/bootstrap.min.css]
[cdnjs.cloudflare.com/ajax/libs/font-awesome/4.7.0/css/font-awesome.min.css]
[www.functionalfitness.co.in/css/font-awesome.css]
[www.functionalfitness.co.in/css/settings.css]
[www.functionalfitness.co.in/css/jquery.fancybox.min.css]
[www.functionalfitness.co.in/css/owl.carousel.css]
[www.functionalfitness.co.in/css/switcher.css]
[www.functionalfitness.co.in/css/style.css]
[cdn.shopify.com/s/files/1/0070/3666/5911/files/whatschat_e1f8607e-310d-451b-bc85-645a4a9349107b13.css]
[www.functionalfitness.co.in/index-2.html]
[www.functionalfitness.co.in/images/logo.png]
[www.functionalfitness.co.in/images/logo2.png]
[www.functionalfitness.co.in/images/dummy.png]
[www.functionalfitness.co.in/images/girl-traning.jpg]
[www.functionalfitness.co.in/images/gym-running.jpg]
[www.functionalfitness.co.in/images/aboutImg.jpg]
[www.functionalfitness.co.in/images/gym-services/cardio.jpg]
[www.functionalfitness.co.in/images/gym-services/crossfit.jpg]
[www.functionalfitness.co.in/images/gym-services/zumba.jpg]
[www.functionalfitness.co.in/images/gym-services/aerobices.jpg]
[www.functionalfitness.co.in/images/gym-services/yoga.jpg]
[www.functionalfitness.co.in/images/gym-services/kick-boxing.jpg]
[www.functionalfitness.co.in/images/gym-services/diet-consulting.jpg]
[www.functionalfitness.co.in/images/gym-services/kettle-bell-training.jpg]
[www.functionalfitness.co.in/images/gym-services/dhol-sessions.jpg]
[www.functionalfitness.co.in/images/gym-services/free-parking.jpg]
[www.functionalfitness.co.in/images/gym-services/centralisted-air-consitioned.jpg]
[www.functionalfitness.co.in/images/gym-services/power-backup.jpg]
[www.functionalfitness.co.in/images/gym-services/zumba-classes.jpg]
[www.functionalfitness.co.in/class-details.html]
[www.functionalfitness.co.in/images/gym-services/aerobica-classes.jpg]
[www.functionalfitness.co.in/images/gym-services/yoga-classes.jpg]
[www.functionalfitness.co.in/images/gym-services/kick-boxing-classes.jpg]
[www.functionalfitness.co.in/images/gym-services/dhol-dance-classes.jpg]
[www.functionalfitness.co.in/images/gallery01.jpg]
[www.functionalfitness.co.in/images/gallery02.jpg]
[www.functionalfitness.co.in/images/gallery03.jpg]
[www.functionalfitness.co.in/images/gallery04.jpg]
[www.functionalfitness.co.in/images/gallery05.jpg]
[www.functionalfitness.co.in/images/gallery06.jpg]
[www.functionalfitness.co.in/images/gallery07.jpg]
[www.functionalfitness.co.in/images/gallery08.jpg]
[www.functionalfitness.co.in/images/gym-services/akash-tayagi.jpg]
[www.functionalfitness.co.in/images/gym-services/aniket.jpg]
[www.functionalfitness.co.in/images/gym-services/rudra-pratap-singh.jpg]
[www.functionalfitness.co.in/video/fitness-gym.mp4]
[cdn.shopify.com/s/files/1/0070/3666/5911/files/new_logo_1_0226a498-7303-4b41-a78c-cc5d9c1db062428f.png]
[www.functionalfitness.co.in/js/popper.min.js]
[www.functionalfitness.co.in/js/jquery-3.2.1.slim.min.js]
[www.functionalfitness.co.in/js/switcher.js]
[www.functionalfitness.co.in/js/bootstrap.min.js]
[www.functionalfitness.co.in/js/jquery.sticky.js]
[www.functionalfitness.co.in/js/smoothscroll.js]
[www.functionalfitness.co.in/js/jquery.themepunch.revolution.min.js]
[www.functionalfitness.co.in/js/jquery.themepunch.tools.min.js]
[www.functionalfitness.co.in/js/isotope.js]
[www.functionalfitness.co.in/js/counter.js]
[www.functionalfitness.co.in/js/script.js]
[www.functionalfitness.co.in/index.html]
[www.functionalfitness.co.in/favicon.html]
[www.functionalfitness.co.in/css/bootstrap.min.css]
[cdnjs.cloudflare.com/ajax/libs/font-awesome/4.7.0/css/font-awesome.min.css]
[www.functionalfitness.co.in/js/owl.carousel.js]
[www.functionalfitness.co.in/fonts/fontawesome-webfont3e6e.html]
[www.functionalfitness.co.in/fonts/fontawesome-webfontd41d.html]
[www.functionalfitness.co.in/js/jquery.fancybox.min.js]
[www.functionalfitness.co.in/fonts/fontawesome-webfont3e6e-2.html]
[www.functionalfitness.co.in/fonts/fontawesome-webfont3e6e-3.html]
[www.functionalfitness.co.in/fonts/fontawesome-webfont3e6e-4.html]
[www.functionalfitness.co.in/fonts/fontawesome-webfont3e6e-5.html]
[www.functionalfitness.co.in/css/font-awesome.css]
[www.functionalfitness.co.in/images/gradient/g30.html]
[www.functionalfitness.co.in/images/gradient/g40.html]
[www.functionalfitness.co.in/assets/shadow1.html]
[www.functionalfitness.co.in/assets/shadow2.html]
[www.functionalfitness.co.in/assets/shadow3.html]
[www.functionalfitness.co.in/assets/gridtile.html]
[www.functionalfitness.co.in/assets/gridtile_white.html]
[www.functionalfitness.co.in/assets/gridtile_3x3.html]
[www.functionalfitness.co.in/assets/gridtile_3x3_white.html]
[www.functionalfitness.co.in/assets/boxed_bgtile.html]
[www.functionalfitness.co.in/assets/navigdots_bgtile.html]
[www.functionalfitness.co.in/assets/bullet.html]
[www.functionalfitness.co.in/assets/bullets.html]
[www.functionalfitness.co.in/assets/bullets2.html]
[www.functionalfitness.co.in/assets/bullet_boxed.html]
[www.functionalfitness.co.in/assets/navigdots.html]
[www.functionalfitness.co.in/assets/large_left.html]
[www.functionalfitness.co.in/assets/large_right.html]
[www.functionalfitness.co.in/assets/small_left.html]
[www.functionalfitness.co.in/assets/small_right.html]
[www.functionalfitness.co.in/assets/arrow_left.html]
[www.functionalfitness.co.in/assets/arrow_right.html]
[www.functionalfitness.co.in/assets/small_left_boxed.html]
[www.functionalfitness.co.in/assets/small_right_boxed.html]
[www.functionalfitness.co.in/assets/arrowleft.html]
[www.functionalfitness.co.in/assets/arrowright.html]
[www.functionalfitness.co.in/assets/arrow_left2.html]
[www.functionalfitness.co.in/assets/arrow_right2.html]
[www.functionalfitness.co.in/assets/timer.html]
[www.functionalfitness.co.in/assets/coloredbg.html]
[www.functionalfitness.co.in/assets/loader.html]
[www.functionalfitness.co.in/font/revicons90c6.html]
[www.functionalfitness.co.in/font/revicons90c6-2.html]
[www.functionalfitness.co.in/font/revicons90c6-3.html]
[www.functionalfitness.co.in/font/revicons90c690c6.html]
[www.functionalfitness.co.in/css/settings.css]
[www.functionalfitness.co.in/css/jquery.fancybox.min.css]
[www.functionalfitness.co.in/css/owl.video.play.html]
[www.functionalfitness.co.in/css/owl.carousel.css]
[www.functionalfitness.co.in/css/switcher.css]
[www.functionalfitness.co.in/images/heading-line.html]
[www.functionalfitness.co.in/images/whatwe_bg.jpg]
[www.functionalfitness.co.in/images/join-bg.html]
[www.functionalfitness.co.in/images/heading-line-white.html]
[www.functionalfitness.co.in/images/classes-bg.jpg]
[www.functionalfitness.co.in/images/video.jpg]
[www.functionalfitness.co.in/images/counter-bg.jpg]
[www.functionalfitness.co.in/images/blog-bg.jpg]
[www.functionalfitness.co.in/images/footer-bg.jpg]
[www.functionalfitness.co.in/images/inner-banner.html]
[www.functionalfitness.co.in/images/testimonial-bg.html]
[www.functionalfitness.co.in/images/underline-white.html]
[www.functionalfitness.co.in/css/style.css]
[cdn.shopify.com/s/files/1/0070/3666/5911/files/whatschat_e1f8607e-310d-451b-bc85-645a4a9349107b13.css]
[www.functionalfitness.co.in/index-2.html]
[www.functionalfitness.co.in/class-details.html]
[www.functionalfitness.co.in/video/fitness-gym.mp4]
